<?xml version="1.0" encoding="UTF-8"?>
<TestRun id="469f5d4a-24d2-4607-b641-b3442c66624a" name="Dean@DEANPRIME 2012-03-29 13:00:09" runUser="DeanPrime\Dean" xmlns="http://microsoft.com/schemas/VisualStudio/TeamTest/2010">
  <TestSettings name="Default Test Settings" id="eef01ab8-eab6-4c4f-90f1-093094b65d56">
    <Deployment runDeploymentRoot="Dean_DEANPRIME 2012-03-29 13_00_09">
      <DeploymentItem filename="C:\Program Files\Gallio\bin\MbUnit35.dll" />
      <DeploymentItem filename="C:\Program Files\Gallio\bin\Gallio.dll" />
      <DeploymentItem filename="C:\Program Files\Gallio\bin\Gallio35.dll" />
      <DeploymentItem filename="C:\Program Files\Gallio\bin\MbUnit.dll" />
      <DeploymentItem filename="C:\Users\Dean\Dropbox\Dev\Exercise\NumeralConverter-Test\NewNumeralConverter\NewNumeralConverter\bin\Debug\NewNumeralConverter.dll" />
    </Deployment>
    <Execution>
      <TestTypeSpecific />
      <AgentRule name="Execution Agents">
      </AgentRule>
    </Execution>
  </TestSettings>
  <Times creation="2012-03-29T13:00:09.8389542-07:00" queuing="2012-03-29T13:00:10.3999863-07:00" start="2012-03-29T13:00:10.4349883-07:00" finish="2012-03-29T13:00:11.7680645-07:00" />
  <ResultSummary outcome="Completed">
    <Counters total="19" executed="19" passed="19" error="0" failed="0" timeout="0" aborted="0" inconclusive="0" passedButRunAborted="0" notRunnable="0" notExecuted="0" disconnected="0" warning="0" completed="0" inProgress="0" pending="0" />
  </ResultSummary>
  <TestDefinitions>
    <GallioTestElement name="shouldBeAbleToConvertTo6" storage="C:\Users\Dean\Dropbox\Dev\Exercise\NumeralConverter-Test\NumeralConverter-Test\bin\Debug\NumeralConverter-Test.dll" id="35643864-3034-6133-3630-373766616520" d3p1:Gallio.TestId="d8d5403a6077fae" d3p1:Gallio.AssemblyName="NumeralConverter-Test, Version=1.0.0.0, Culture=neutral, PublicKeyToken=null" d3p1:Gallio.NamespaceName="roman_numeral.roman_test" d3p1:Gallio.TypeName="roman_numeral.roman_test.NewNumeralConverterTest" d3p1:Gallio.MemberName="shouldBeAbleToConvertTo6" d3p1:Gallio.ParameterName="" d3p1:Gallio.Path="C:\Users\Dean\Dropbox\Dev\Exercise\NumeralConverter-Test\NumeralConverter-Test\NumeralConverterTest.cs" d3p1:Gallio.Line="64" d3p1:Gallio.Column="0" xmlns:d3p1="http://www.gallio.org/">
      <Execution id="e207b4c0-398c-4e22-a04e-e87bb87c5c44" />
      <Properties>
        <Property>
          <Key>TestKind</Key>
          <Value>Test</Value>
        </Property>
      </Properties>
    </GallioTestElement>
    <GallioTestElement name="shouldBeAbleToConvertTo1" storage="C:\Users\Dean\Dropbox\Dev\Exercise\NumeralConverter-Test\NumeralConverter-Test\bin\Debug\NumeralConverter-Test.dll" id="61663938-3236-3030-3833-323335613962" d3p1:Gallio.TestId="89fa620083235a9b" d3p1:Gallio.AssemblyName="NumeralConverter-Test, Version=1.0.0.0, Culture=neutral, PublicKeyToken=null" d3p1:Gallio.NamespaceName="roman_numeral.roman_test" d3p1:Gallio.TypeName="roman_numeral.roman_test.NewNumeralConverterTest" d3p1:Gallio.MemberName="shouldBeAbleToConvertTo1" d3p1:Gallio.ParameterName="" d3p1:Gallio.Path="C:\Users\Dean\Dropbox\Dev\Exercise\NumeralConverter-Test\NumeralConverter-Test\NumeralConverterTest.cs" d3p1:Gallio.Line="24" d3p1:Gallio.Column="0" xmlns:d3p1="http://www.gallio.org/">
      <Execution id="96140f99-6e62-4008-8a9f-5bf4355638ab" />
      <Properties>
        <Property>
          <Key>TestKind</Key>
          <Value>Test</Value>
        </Property>
      </Properties>
    </GallioTestElement>
    <GallioTestElement name="shouldBeAbleToConvertTo20" storage="C:\Users\Dean\Dropbox\Dev\Exercise\NumeralConverter-Test\NumeralConverter-Test\bin\Debug\NumeralConverter-Test.dll" id="63346261-3133-6364-3032-326238633434" d3p1:Gallio.TestId="ab4c31dc022b8c44" d3p1:Gallio.AssemblyName="NumeralConverter-Test, Version=1.0.0.0, Culture=neutral, PublicKeyToken=null" d3p1:Gallio.NamespaceName="roman_numeral.roman_test" d3p1:Gallio.TypeName="roman_numeral.roman_test.NewNumeralConverterTest" d3p1:Gallio.MemberName="shouldBeAbleToConvertTo20" d3p1:Gallio.ParameterName="" d3p1:Gallio.Path="C:\Users\Dean\Dropbox\Dev\Exercise\NumeralConverter-Test\NumeralConverter-Test\NumeralConverterTest.cs" d3p1:Gallio.Line="107" d3p1:Gallio.Column="0" xmlns:d3p1="http://www.gallio.org/">
      <Execution id="6ae2201a-b4a9-48d3-a185-df348190c8a8" />
      <Properties>
        <Property>
          <Key>TestKind</Key>
          <Value>Test</Value>
        </Property>
      </Properties>
    </GallioTestElement>
    <GallioTestElement name="shouldBeAbleToConvertTo25" storage="C:\Users\Dean\Dropbox\Dev\Exercise\NumeralConverter-Test\NumeralConverter-Test\bin\Debug\NumeralConverter-Test.dll" id="66366639-3739-6437-3533-353839653964" d3p1:Gallio.TestId="9f6f977d53589e9d" d3p1:Gallio.AssemblyName="NumeralConverter-Test, Version=1.0.0.0, Culture=neutral, PublicKeyToken=null" d3p1:Gallio.NamespaceName="roman_numeral.roman_test" d3p1:Gallio.TypeName="roman_numeral.roman_test.NewNumeralConverterTest" d3p1:Gallio.MemberName="shouldBeAbleToConvertTo25" d3p1:Gallio.ParameterName="" d3p1:Gallio.Path="C:\Users\Dean\Dropbox\Dev\Exercise\NumeralConverter-Test\NumeralConverter-Test\NumeralConverterTest.cs" d3p1:Gallio.Line="115" d3p1:Gallio.Column="0" xmlns:d3p1="http://www.gallio.org/">
      <Execution id="0affaa8a-4407-4718-8c27-20acb43d288c" />
      <Properties>
        <Property>
          <Key>TestKind</Key>
          <Value>Test</Value>
        </Property>
      </Properties>
    </GallioTestElement>
    <GallioTestElement name="shouldBeAbleToConvertTo1000" storage="C:\Users\Dean\Dropbox\Dev\Exercise\NumeralConverter-Test\NumeralConverter-Test\bin\Debug\NumeralConverter-Test.dll" id="34653066-3235-3965-3537-356464386333" d3p1:Gallio.TestId="f0e452e9575dd8c3" d3p1:Gallio.AssemblyName="NumeralConverter-Test, Version=1.0.0.0, Culture=neutral, PublicKeyToken=null" d3p1:Gallio.NamespaceName="roman_numeral.roman_test" d3p1:Gallio.TypeName="roman_numeral.roman_test.NewNumeralConverterTest" d3p1:Gallio.MemberName="shouldBeAbleToConvertTo1000" d3p1:Gallio.ParameterName="" d3p1:Gallio.Path="C:\Users\Dean\Dropbox\Dev\Exercise\NumeralConverter-Test\NumeralConverter-Test\NumeralConverterTest.cs" d3p1:Gallio.Line="173" d3p1:Gallio.Column="0" xmlns:d3p1="http://www.gallio.org/">
      <Execution id="d171cd7d-0068-4162-bc7c-59794204c14a" />
      <Properties>
        <Property>
          <Key>TestKind</Key>
          <Value>Test</Value>
        </Property>
      </Properties>
    </GallioTestElement>
    <GallioTestElement name="shouldBeAbleToConvertTo30" storage="C:\Users\Dean\Dropbox\Dev\Exercise\NumeralConverter-Test\NumeralConverter-Test\bin\Debug\NumeralConverter-Test.dll" id="63313935-3833-3339-6134-326561616533" d3p1:Gallio.TestId="591c3893a42eaae3" d3p1:Gallio.AssemblyName="NumeralConverter-Test, Version=1.0.0.0, Culture=neutral, PublicKeyToken=null" d3p1:Gallio.NamespaceName="roman_numeral.roman_test" d3p1:Gallio.TypeName="roman_numeral.roman_test.NewNumeralConverterTest" d3p1:Gallio.MemberName="shouldBeAbleToConvertTo30" d3p1:Gallio.ParameterName="" d3p1:Gallio.Path="C:\Users\Dean\Dropbox\Dev\Exercise\NumeralConverter-Test\NumeralConverter-Test\NumeralConverterTest.cs" d3p1:Gallio.Line="123" d3p1:Gallio.Column="0" xmlns:d3p1="http://www.gallio.org/">
      <Execution id="5fb27ac7-6ae8-4d74-adfe-c0651f574811" />
      <Properties>
        <Property>
          <Key>TestKind</Key>
          <Value>Test</Value>
        </Property>
      </Properties>
    </GallioTestElement>
    <GallioTestElement name="shouldBeAbleToConvertTo8" storage="C:\Users\Dean\Dropbox\Dev\Exercise\NumeralConverter-Test\NumeralConverter-Test\bin\Debug\NumeralConverter-Test.dll" id="31353066-6436-6564-3137-643265346363" d3p1:Gallio.TestId="f0516dde17d2e4cc" d3p1:Gallio.AssemblyName="NumeralConverter-Test, Version=1.0.0.0, Culture=neutral, PublicKeyToken=null" d3p1:Gallio.NamespaceName="roman_numeral.roman_test" d3p1:Gallio.TypeName="roman_numeral.roman_test.NewNumeralConverterTest" d3p1:Gallio.MemberName="shouldBeAbleToConvertTo8" d3p1:Gallio.ParameterName="" d3p1:Gallio.Path="C:\Users\Dean\Dropbox\Dev\Exercise\NumeralConverter-Test\NumeralConverter-Test\NumeralConverterTest.cs" d3p1:Gallio.Line="80" d3p1:Gallio.Column="0" xmlns:d3p1="http://www.gallio.org/">
      <Execution id="d86589be-eac3-4184-b802-e17201b5303b" />
      <Properties>
        <Property>
          <Key>TestKind</Key>
          <Value>Test</Value>
        </Property>
      </Properties>
    </GallioTestElement>
    <GallioTestElement name="shouldBeAbleToConvertTo10" storage="C:\Users\Dean\Dropbox\Dev\Exercise\NumeralConverter-Test\NumeralConverter-Test\bin\Debug\NumeralConverter-Test.dll" id="33323361-3932-6265-3534-633364346131" d3p1:Gallio.TestId="a32329eb54c3d4a1" d3p1:Gallio.AssemblyName="NumeralConverter-Test, Version=1.0.0.0, Culture=neutral, PublicKeyToken=null" d3p1:Gallio.NamespaceName="roman_numeral.roman_test" d3p1:Gallio.TypeName="roman_numeral.roman_test.NewNumeralConverterTest" d3p1:Gallio.MemberName="shouldBeAbleToConvertTo10" d3p1:Gallio.ParameterName="" d3p1:Gallio.Path="C:\Users\Dean\Dropbox\Dev\Exercise\NumeralConverter-Test\NumeralConverter-Test\NumeralConverterTest.cs" d3p1:Gallio.Line="88" d3p1:Gallio.Column="0" xmlns:d3p1="http://www.gallio.org/">
      <Execution id="ce662b3b-ef3f-4e10-ac1d-d003fc5b78b7" />
      <Properties>
        <Property>
          <Key>TestKind</Key>
          <Value>Test</Value>
        </Property>
      </Properties>
    </GallioTestElement>
    <GallioTestElement name="shouldBeAbleToConvertTo19" storage="C:\Users\Dean\Dropbox\Dev\Exercise\NumeralConverter-Test\NumeralConverter-Test\bin\Debug\NumeralConverter-Test.dll" id="38333531-3465-3739-3537-633139343862" d3p1:Gallio.TestId="1538e49757c1948b" d3p1:Gallio.AssemblyName="NumeralConverter-Test, Version=1.0.0.0, Culture=neutral, PublicKeyToken=null" d3p1:Gallio.NamespaceName="roman_numeral.roman_test" d3p1:Gallio.TypeName="roman_numeral.roman_test.NewNumeralConverterTest" d3p1:Gallio.MemberName="shouldBeAbleToConvertTo19" d3p1:Gallio.ParameterName="" d3p1:Gallio.Path="C:\Users\Dean\Dropbox\Dev\Exercise\NumeralConverter-Test\NumeralConverter-Test\NumeralConverterTest.cs" d3p1:Gallio.Line="97" d3p1:Gallio.Column="0" xmlns:d3p1="http://www.gallio.org/">
      <Execution id="33081d5f-444d-4da1-a8db-32f7f6d737b5" />
      <Properties>
        <Property>
          <Key>TestKind</Key>
          <Value>Test</Value>
        </Property>
      </Properties>
    </GallioTestElement>
    <GallioTestElement name="shouldBeAbleToConvertTo3" storage="C:\Users\Dean\Dropbox\Dev\Exercise\NumeralConverter-Test\NumeralConverter-Test\bin\Debug\NumeralConverter-Test.dll" id="62623431-3331-6631-3062-396565306366" d3p1:Gallio.TestId="14bb131f0b9ee0cf" d3p1:Gallio.AssemblyName="NumeralConverter-Test, Version=1.0.0.0, Culture=neutral, PublicKeyToken=null" d3p1:Gallio.NamespaceName="roman_numeral.roman_test" d3p1:Gallio.TypeName="roman_numeral.roman_test.NewNumeralConverterTest" d3p1:Gallio.MemberName="shouldBeAbleToConvertTo3" d3p1:Gallio.ParameterName="" d3p1:Gallio.Path="C:\Users\Dean\Dropbox\Dev\Exercise\NumeralConverter-Test\NumeralConverter-Test\NumeralConverterTest.cs" d3p1:Gallio.Line="40" d3p1:Gallio.Column="0" xmlns:d3p1="http://www.gallio.org/">
      <Execution id="f2dcc28b-c35a-40a7-8521-961af6140602" />
      <Properties>
        <Property>
          <Key>TestKind</Key>
          <Value>Test</Value>
        </Property>
      </Properties>
    </GallioTestElement>
    <GallioTestElement name="shouldBeCreatable" storage="C:\Users\Dean\Dropbox\Dev\Exercise\NumeralConverter-Test\NumeralConverter-Test\bin\Debug\NumeralConverter-Test.dll" id="35383732-6235-6365-6464-626265313633" d3p1:Gallio.TestId="27855becddbbe163" d3p1:Gallio.AssemblyName="NumeralConverter-Test, Version=1.0.0.0, Culture=neutral, PublicKeyToken=null" d3p1:Gallio.NamespaceName="roman_numeral.roman_test" d3p1:Gallio.TypeName="roman_numeral.roman_test.NewNumeralConverterTest" d3p1:Gallio.MemberName="shouldBeCreatable" d3p1:Gallio.ParameterName="" d3p1:Gallio.Path="C:\Users\Dean\Dropbox\Dev\Exercise\NumeralConverter-Test\NumeralConverter-Test\NumeralConverterTest.cs" d3p1:Gallio.Line="17" d3p1:Gallio.Column="0" xmlns:d3p1="http://www.gallio.org/">
      <Execution id="5c621d19-33d5-45d6-a1f7-c87b1f99f0a3" />
      <Properties>
        <Property>
          <Key>TestKind</Key>
          <Value>Test</Value>
        </Property>
      </Properties>
    </GallioTestElement>
    <GallioTestElement name="shouldBeAbleToConvertTo44" storage="C:\Users\Dean\Dropbox\Dev\Exercise\NumeralConverter-Test\NumeralConverter-Test\bin\Debug\NumeralConverter-Test.dll" id="34623034-3463-6461-3830-643039656434" d3p1:Gallio.TestId="40b4c4ad80d09ed4" d3p1:Gallio.AssemblyName="NumeralConverter-Test, Version=1.0.0.0, Culture=neutral, PublicKeyToken=null" d3p1:Gallio.NamespaceName="roman_numeral.roman_test" d3p1:Gallio.TypeName="roman_numeral.roman_test.NewNumeralConverterTest" d3p1:Gallio.MemberName="shouldBeAbleToConvertTo44" d3p1:Gallio.ParameterName="" d3p1:Gallio.Path="C:\Users\Dean\Dropbox\Dev\Exercise\NumeralConverter-Test\NumeralConverter-Test\NumeralConverterTest.cs" d3p1:Gallio.Line="131" d3p1:Gallio.Column="0" xmlns:d3p1="http://www.gallio.org/">
      <Execution id="7e45bc95-9be4-4543-8c25-584ad4ba4244" />
      <Properties>
        <Property>
          <Key>TestKind</Key>
          <Value>Test</Value>
        </Property>
      </Properties>
    </GallioTestElement>
    <GallioTestElement name="shouldBeAbleToConvertTo100" storage="C:\Users\Dean\Dropbox\Dev\Exercise\NumeralConverter-Test\NumeralConverter-Test\bin\Debug\NumeralConverter-Test.dll" id="35303264-3062-3162-3935-656332393464" d3p1:Gallio.TestId="d205b0b195ec294d" d3p1:Gallio.AssemblyName="NumeralConverter-Test, Version=1.0.0.0, Culture=neutral, PublicKeyToken=null" d3p1:Gallio.NamespaceName="roman_numeral.roman_test" d3p1:Gallio.TypeName="roman_numeral.roman_test.NewNumeralConverterTest" d3p1:Gallio.MemberName="shouldBeAbleToConvertTo100" d3p1:Gallio.ParameterName="" d3p1:Gallio.Path="C:\Users\Dean\Dropbox\Dev\Exercise\NumeralConverter-Test\NumeralConverter-Test\NumeralConverterTest.cs" d3p1:Gallio.Line="155" d3p1:Gallio.Column="0" xmlns:d3p1="http://www.gallio.org/">
      <Execution id="c0697029-736c-4ebd-8715-365cd5556e9e" />
      <Properties>
        <Property>
          <Key>TestKind</Key>
          <Value>Test</Value>
        </Property>
      </Properties>
    </GallioTestElement>
    <GallioTestElement name="shouldBeAbleToConvertTo2" storage="C:\Users\Dean\Dropbox\Dev\Exercise\NumeralConverter-Test\NumeralConverter-Test\bin\Debug\NumeralConverter-Test.dll" id="61316231-3366-6664-6236-636461632020" d3p1:Gallio.TestId="1b1af3dfb6cdac" d3p1:Gallio.AssemblyName="NumeralConverter-Test, Version=1.0.0.0, Culture=neutral, PublicKeyToken=null" d3p1:Gallio.NamespaceName="roman_numeral.roman_test" d3p1:Gallio.TypeName="roman_numeral.roman_test.NewNumeralConverterTest" d3p1:Gallio.MemberName="shouldBeAbleToConvertTo2" d3p1:Gallio.ParameterName="" d3p1:Gallio.Path="C:\Users\Dean\Dropbox\Dev\Exercise\NumeralConverter-Test\NumeralConverter-Test\NumeralConverterTest.cs" d3p1:Gallio.Line="32" d3p1:Gallio.Column="0" xmlns:d3p1="http://www.gallio.org/">
      <Execution id="7437160a-2f5d-4504-913b-f3661f5edc53" />
      <Properties>
        <Property>
          <Key>TestKind</Key>
          <Value>Test</Value>
        </Property>
      </Properties>
    </GallioTestElement>
    <GallioTestElement name="shouldBeAbleToConvertTo5" storage="C:\Users\Dean\Dropbox\Dev\Exercise\NumeralConverter-Test\NumeralConverter-Test\bin\Debug\NumeralConverter-Test.dll" id="36303639-3463-6466-6430-613334393538" d3p1:Gallio.TestId="9606c4fdd0a34958" d3p1:Gallio.AssemblyName="NumeralConverter-Test, Version=1.0.0.0, Culture=neutral, PublicKeyToken=null" d3p1:Gallio.NamespaceName="roman_numeral.roman_test" d3p1:Gallio.TypeName="roman_numeral.roman_test.NewNumeralConverterTest" d3p1:Gallio.MemberName="shouldBeAbleToConvertTo5" d3p1:Gallio.ParameterName="" d3p1:Gallio.Path="C:\Users\Dean\Dropbox\Dev\Exercise\NumeralConverter-Test\NumeralConverter-Test\NumeralConverterTest.cs" d3p1:Gallio.Line="56" d3p1:Gallio.Column="0" xmlns:d3p1="http://www.gallio.org/">
      <Execution id="42dc3910-97a2-4f65-9f4a-cdf1185873f7" />
      <Properties>
        <Property>
          <Key>TestKind</Key>
          <Value>Test</Value>
        </Property>
      </Properties>
    </GallioTestElement>
    <GallioTestElement name="shouldBeAbleToConvertTo7" storage="C:\Users\Dean\Dropbox\Dev\Exercise\NumeralConverter-Test\NumeralConverter-Test\bin\Debug\NumeralConverter-Test.dll" id="64353534-6365-6363-6461-323639323364" d3p1:Gallio.TestId="455decccda26923d" d3p1:Gallio.AssemblyName="NumeralConverter-Test, Version=1.0.0.0, Culture=neutral, PublicKeyToken=null" d3p1:Gallio.NamespaceName="roman_numeral.roman_test" d3p1:Gallio.TypeName="roman_numeral.roman_test.NewNumeralConverterTest" d3p1:Gallio.MemberName="shouldBeAbleToConvertTo7" d3p1:Gallio.ParameterName="" d3p1:Gallio.Path="C:\Users\Dean\Dropbox\Dev\Exercise\NumeralConverter-Test\NumeralConverter-Test\NumeralConverterTest.cs" d3p1:Gallio.Line="72" d3p1:Gallio.Column="0" xmlns:d3p1="http://www.gallio.org/">
      <Execution id="c74ad418-98d0-4542-a5ab-1f2196fba4e0" />
      <Properties>
        <Property>
          <Key>TestKind</Key>
          <Value>Test</Value>
        </Property>
      </Properties>
    </GallioTestElement>
    <GallioTestElement name="shouldBeAbleToConvertTo500" storage="C:\Users\Dean\Dropbox\Dev\Exercise\NumeralConverter-Test\NumeralConverter-Test\bin\Debug\NumeralConverter-Test.dll" id="61306138-6662-3238-3265-653066616135" d3p1:Gallio.TestId="8a0abf822ee0faa5" d3p1:Gallio.AssemblyName="NumeralConverter-Test, Version=1.0.0.0, Culture=neutral, PublicKeyToken=null" d3p1:Gallio.NamespaceName="roman_numeral.roman_test" d3p1:Gallio.TypeName="roman_numeral.roman_test.NewNumeralConverterTest" d3p1:Gallio.MemberName="shouldBeAbleToConvertTo500" d3p1:Gallio.ParameterName="" d3p1:Gallio.Path="C:\Users\Dean\Dropbox\Dev\Exercise\NumeralConverter-Test\NumeralConverter-Test\NumeralConverterTest.cs" d3p1:Gallio.Line="164" d3p1:Gallio.Column="0" xmlns:d3p1="http://www.gallio.org/">
      <Execution id="22f601d7-8c73-4dc2-be64-c4fbd91613b9" />
      <Properties>
        <Property>
          <Key>TestKind</Key>
          <Value>Test</Value>
        </Property>
      </Properties>
    </GallioTestElement>
    <GallioTestElement name="shouldBeAbleToConvertTo50" storage="C:\Users\Dean\Dropbox\Dev\Exercise\NumeralConverter-Test\NumeralConverter-Test\bin\Debug\NumeralConverter-Test.dll" id="35666132-6565-3162-3364-343531623638" d3p1:Gallio.TestId="2af5eeb13d451b68" d3p1:Gallio.AssemblyName="NumeralConverter-Test, Version=1.0.0.0, Culture=neutral, PublicKeyToken=null" d3p1:Gallio.NamespaceName="roman_numeral.roman_test" d3p1:Gallio.TypeName="roman_numeral.roman_test.NewNumeralConverterTest" d3p1:Gallio.MemberName="shouldBeAbleToConvertTo50" d3p1:Gallio.ParameterName="" d3p1:Gallio.Path="C:\Users\Dean\Dropbox\Dev\Exercise\NumeralConverter-Test\NumeralConverter-Test\NumeralConverterTest.cs" d3p1:Gallio.Line="145" d3p1:Gallio.Column="0" xmlns:d3p1="http://www.gallio.org/">
      <Execution id="222924c1-5905-4547-ad39-b43b7095d978" />
      <Properties>
        <Property>
          <Key>TestKind</Key>
          <Value>Test</Value>
        </Property>
      </Properties>
    </GallioTestElement>
    <GallioTestElement name="shouldBeAbleToConvertTo4" storage="C:\Users\Dean\Dropbox\Dev\Exercise\NumeralConverter-Test\NumeralConverter-Test\bin\Debug\NumeralConverter-Test.dll" id="66363932-3933-3362-3336-626234313436" d3p1:Gallio.TestId="296f39b336bb4146" d3p1:Gallio.AssemblyName="NumeralConverter-Test, Version=1.0.0.0, Culture=neutral, PublicKeyToken=null" d3p1:Gallio.NamespaceName="roman_numeral.roman_test" d3p1:Gallio.TypeName="roman_numeral.roman_test.NewNumeralConverterTest" d3p1:Gallio.MemberName="shouldBeAbleToConvertTo4" d3p1:Gallio.ParameterName="" d3p1:Gallio.Path="C:\Users\Dean\Dropbox\Dev\Exercise\NumeralConverter-Test\NumeralConverter-Test\NumeralConverterTest.cs" d3p1:Gallio.Line="48" d3p1:Gallio.Column="0" xmlns:d3p1="http://www.gallio.org/">
      <Execution id="50a81acd-741d-4642-8d38-3e86ba23914c" />
      <Properties>
        <Property>
          <Key>TestKind</Key>
          <Value>Test</Value>
        </Property>
      </Properties>
    </GallioTestElement>
  </TestDefinitions>
  <TestLists>
    <TestList name="Results Not in a List" id="8c84fa94-04c1-424b-9868-57a2d4851a1d" />
    <TestList name="All Loaded Results" id="19431567-8539-422a-85d7-44ee4e166bda" />
  </TestLists>
  <TestEntries>
    <TestEntry testId="31353066-6436-6564-3137-643265346363" executionId="d86589be-eac3-4184-b802-e17201b5303b" testListId="8c84fa94-04c1-424b-9868-57a2d4851a1d" />
    <TestEntry testId="33323361-3932-6265-3534-633364346131" executionId="ce662b3b-ef3f-4e10-ac1d-d003fc5b78b7" testListId="8c84fa94-04c1-424b-9868-57a2d4851a1d" />
    <TestEntry testId="34623034-3463-6461-3830-643039656434" executionId="7e45bc95-9be4-4543-8c25-584ad4ba4244" testListId="8c84fa94-04c1-424b-9868-57a2d4851a1d" />
    <TestEntry testId="34653066-3235-3965-3537-356464386333" executionId="d171cd7d-0068-4162-bc7c-59794204c14a" testListId="8c84fa94-04c1-424b-9868-57a2d4851a1d" />
    <TestEntry testId="35303264-3062-3162-3935-656332393464" executionId="c0697029-736c-4ebd-8715-365cd5556e9e" testListId="8c84fa94-04c1-424b-9868-57a2d4851a1d" />
    <TestEntry testId="35383732-6235-6365-6464-626265313633" executionId="5c621d19-33d5-45d6-a1f7-c87b1f99f0a3" testListId="8c84fa94-04c1-424b-9868-57a2d4851a1d" />
    <TestEntry testId="35643864-3034-6133-3630-373766616520" executionId="e207b4c0-398c-4e22-a04e-e87bb87c5c44" testListId="8c84fa94-04c1-424b-9868-57a2d4851a1d" />
    <TestEntry testId="35666132-6565-3162-3364-343531623638" executionId="222924c1-5905-4547-ad39-b43b7095d978" testListId="8c84fa94-04c1-424b-9868-57a2d4851a1d" />
    <TestEntry testId="36303639-3463-6466-6430-613334393538" executionId="42dc3910-97a2-4f65-9f4a-cdf1185873f7" testListId="8c84fa94-04c1-424b-9868-57a2d4851a1d" />
    <TestEntry testId="38333531-3465-3739-3537-633139343862" executionId="33081d5f-444d-4da1-a8db-32f7f6d737b5" testListId="8c84fa94-04c1-424b-9868-57a2d4851a1d" />
    <TestEntry testId="61306138-6662-3238-3265-653066616135" executionId="22f601d7-8c73-4dc2-be64-c4fbd91613b9" testListId="8c84fa94-04c1-424b-9868-57a2d4851a1d" />
    <TestEntry testId="61316231-3366-6664-6236-636461632020" executionId="7437160a-2f5d-4504-913b-f3661f5edc53" testListId="8c84fa94-04c1-424b-9868-57a2d4851a1d" />
    <TestEntry testId="61663938-3236-3030-3833-323335613962" executionId="96140f99-6e62-4008-8a9f-5bf4355638ab" testListId="8c84fa94-04c1-424b-9868-57a2d4851a1d" />
    <TestEntry testId="62623431-3331-6631-3062-396565306366" executionId="f2dcc28b-c35a-40a7-8521-961af6140602" testListId="8c84fa94-04c1-424b-9868-57a2d4851a1d" />
    <TestEntry testId="63313935-3833-3339-6134-326561616533" executionId="5fb27ac7-6ae8-4d74-adfe-c0651f574811" testListId="8c84fa94-04c1-424b-9868-57a2d4851a1d" />
    <TestEntry testId="63346261-3133-6364-3032-326238633434" executionId="6ae2201a-b4a9-48d3-a185-df348190c8a8" testListId="8c84fa94-04c1-424b-9868-57a2d4851a1d" />
    <TestEntry testId="64353534-6365-6363-6461-323639323364" executionId="c74ad418-98d0-4542-a5ab-1f2196fba4e0" testListId="8c84fa94-04c1-424b-9868-57a2d4851a1d" />
    <TestEntry testId="66363932-3933-3362-3336-626234313436" executionId="50a81acd-741d-4642-8d38-3e86ba23914c" testListId="8c84fa94-04c1-424b-9868-57a2d4851a1d" />
    <TestEntry testId="66366639-3739-6437-3533-353839653964" executionId="0affaa8a-4407-4718-8c27-20acb43d288c" testListId="8c84fa94-04c1-424b-9868-57a2d4851a1d" />
  </TestEntries>
  <Results>
    <GallioTestResult executionId="d86589be-eac3-4184-b802-e17201b5303b" testId="31353066-6436-6564-3137-643265346363" testName="shouldBeAbleToConvertTo8" computerName="DEANPRIME" duration="00:00:00.0040000" startTime="2012-03-29T13:00:11.7060610-07:00" endTime="2012-03-29T13:00:11.7080611-07:00" testType="f3589083-259c-4054-87f7-75cdad4b08e5" outcome="Passed" testListId="8c84fa94-04c1-424b-9868-57a2d4851a1d" relativeResultsDirectory="d86589be-eac3-4184-b802-e17201b5303b">
    </GallioTestResult>
    <GallioTestResult executionId="ce662b3b-ef3f-4e10-ac1d-d003fc5b78b7" testId="33323361-3932-6265-3534-633364346131" testName="shouldBeAbleToConvertTo10" computerName="DEANPRIME" duration="00:00:00.0010000" startTime="2012-03-29T13:00:11.5450518-07:00" endTime="2012-03-29T13:00:11.5480519-07:00" testType="f3589083-259c-4054-87f7-75cdad4b08e5" outcome="Passed" testListId="8c84fa94-04c1-424b-9868-57a2d4851a1d" relativeResultsDirectory="ce662b3b-ef3f-4e10-ac1d-d003fc5b78b7">
    </GallioTestResult>
    <GallioTestResult executionId="7e45bc95-9be4-4543-8c25-584ad4ba4244" testId="34623034-3463-6461-3830-643039656434" testName="shouldBeAbleToConvertTo44" computerName="DEANPRIME" duration="00:00:00.0020000" startTime="2012-03-29T13:00:11.6470576-07:00" endTime="2012-03-29T13:00:11.6490577-07:00" testType="f3589083-259c-4054-87f7-75cdad4b08e5" outcome="Passed" testListId="8c84fa94-04c1-424b-9868-57a2d4851a1d" relativeResultsDirectory="7e45bc95-9be4-4543-8c25-584ad4ba4244">
    </GallioTestResult>
    <GallioTestResult executionId="d171cd7d-0068-4162-bc7c-59794204c14a" testId="34653066-3235-3965-3537-356464386333" testName="shouldBeAbleToConvertTo1000" computerName="DEANPRIME" duration="00:00:00.0010000" startTime="2012-03-29T13:00:11.5710533-07:00" endTime="2012-03-29T13:00:11.5730534-07:00" testType="f3589083-259c-4054-87f7-75cdad4b08e5" outcome="Passed" testListId="8c84fa94-04c1-424b-9868-57a2d4851a1d" relativeResultsDirectory="d171cd7d-0068-4162-bc7c-59794204c14a">
    </GallioTestResult>
    <GallioTestResult executionId="c0697029-736c-4ebd-8715-365cd5556e9e" testId="35303264-3062-3162-3935-656332393464" testName="shouldBeAbleToConvertTo100" computerName="DEANPRIME" duration="00:00:00.0020000" startTime="2012-03-29T13:00:11.5560524-07:00" endTime="2012-03-29T13:00:11.5590526-07:00" testType="f3589083-259c-4054-87f7-75cdad4b08e5" outcome="Passed" testListId="8c84fa94-04c1-424b-9868-57a2d4851a1d" relativeResultsDirectory="c0697029-736c-4ebd-8715-365cd5556e9e">
    </GallioTestResult>
    <GallioTestResult executionId="5c621d19-33d5-45d6-a1f7-c87b1f99f0a3" testId="35383732-6235-6365-6464-626265313633" testName="shouldBeCreatable" computerName="DEANPRIME" duration="00:00:00.0010000" startTime="2012-03-29T13:00:11.7170616-07:00" endTime="2012-03-29T13:00:11.7190617-07:00" testType="f3589083-259c-4054-87f7-75cdad4b08e5" outcome="Passed" testListId="8c84fa94-04c1-424b-9868-57a2d4851a1d" relativeResultsDirectory="5c621d19-33d5-45d6-a1f7-c87b1f99f0a3">
    </GallioTestResult>
    <GallioTestResult executionId="e207b4c0-398c-4e22-a04e-e87bb87c5c44" testId="35643864-3034-6133-3630-373766616520" testName="shouldBeAbleToConvertTo6" computerName="DEANPRIME" duration="00:00:00.0010000" startTime="2012-03-29T13:00:11.6860598-07:00" endTime="2012-03-29T13:00:11.6880600-07:00" testType="f3589083-259c-4054-87f7-75cdad4b08e5" outcome="Passed" testListId="8c84fa94-04c1-424b-9868-57a2d4851a1d" relativeResultsDirectory="e207b4c0-398c-4e22-a04e-e87bb87c5c44">
    </GallioTestResult>
    <GallioTestResult executionId="222924c1-5905-4547-ad39-b43b7095d978" testId="35666132-6565-3162-3364-343531623638" testName="shouldBeAbleToConvertTo50" computerName="DEANPRIME" duration="00:00:00.0010000" startTime="2012-03-29T13:00:11.6670588-07:00" endTime="2012-03-29T13:00:11.6690589-07:00" testType="f3589083-259c-4054-87f7-75cdad4b08e5" outcome="Passed" testListId="8c84fa94-04c1-424b-9868-57a2d4851a1d" relativeResultsDirectory="222924c1-5905-4547-ad39-b43b7095d978">
    </GallioTestResult>
    <GallioTestResult executionId="42dc3910-97a2-4f65-9f4a-cdf1185873f7" testId="36303639-3463-6466-6430-613334393538" testName="shouldBeAbleToConvertTo5" computerName="DEANPRIME" duration="00:00:00.0010000" startTime="2012-03-29T13:00:11.6580582-07:00" endTime="2012-03-29T13:00:11.6600584-07:00" testType="f3589083-259c-4054-87f7-75cdad4b08e5" outcome="Passed" testListId="8c84fa94-04c1-424b-9868-57a2d4851a1d" relativeResultsDirectory="42dc3910-97a2-4f65-9f4a-cdf1185873f7">
    </GallioTestResult>
    <GallioTestResult executionId="33081d5f-444d-4da1-a8db-32f7f6d737b5" testId="38333531-3465-3739-3537-633139343862" testName="shouldBeAbleToConvertTo19" computerName="DEANPRIME" duration="00:00:00.0010000" startTime="2012-03-29T13:00:11.5800538-07:00" endTime="2012-03-29T13:00:11.5820539-07:00" testType="f3589083-259c-4054-87f7-75cdad4b08e5" outcome="Passed" testListId="8c84fa94-04c1-424b-9868-57a2d4851a1d" relativeResultsDirectory="33081d5f-444d-4da1-a8db-32f7f6d737b5">
    </GallioTestResult>
    <GallioTestResult executionId="22f601d7-8c73-4dc2-be64-c4fbd91613b9" testId="61306138-6662-3238-3265-653066616135" testName="shouldBeAbleToConvertTo500" computerName="DEANPRIME" duration="00:00:00.0010000" startTime="2012-03-29T13:00:11.6760593-07:00" endTime="2012-03-29T13:00:11.6780594-07:00" testType="f3589083-259c-4054-87f7-75cdad4b08e5" outcome="Passed" testListId="8c84fa94-04c1-424b-9868-57a2d4851a1d" relativeResultsDirectory="22f601d7-8c73-4dc2-be64-c4fbd91613b9">
    </GallioTestResult>
    <GallioTestResult executionId="7437160a-2f5d-4504-913b-f3661f5edc53" testId="61316231-3366-6664-6236-636461632020" testName="shouldBeAbleToConvertTo2" computerName="DEANPRIME" duration="00:00:00.0010000" startTime="2012-03-29T13:00:11.5900543-07:00" endTime="2012-03-29T13:00:11.5920545-07:00" testType="f3589083-259c-4054-87f7-75cdad4b08e5" outcome="Passed" testListId="8c84fa94-04c1-424b-9868-57a2d4851a1d" relativeResultsDirectory="7437160a-2f5d-4504-913b-f3661f5edc53">
    </GallioTestResult>
    <GallioTestResult executionId="96140f99-6e62-4008-8a9f-5bf4355638ab" testId="61663938-3236-3030-3833-323335613962" testName="shouldBeAbleToConvertTo1" computerName="DEANPRIME" duration="00:00:00.0310000" startTime="2012-03-29T13:00:11.4190446-07:00" endTime="2012-03-29T13:00:11.4530465-07:00" testType="f3589083-259c-4054-87f7-75cdad4b08e5" outcome="Passed" testListId="8c84fa94-04c1-424b-9868-57a2d4851a1d" relativeResultsDirectory="96140f99-6e62-4008-8a9f-5bf4355638ab">
    </GallioTestResult>
    <GallioTestResult executionId="f2dcc28b-c35a-40a7-8521-961af6140602" testId="62623431-3331-6631-3062-396565306366" testName="shouldBeAbleToConvertTo3" computerName="DEANPRIME" duration="00:00:00.0010000" startTime="2012-03-29T13:00:11.6200561-07:00" endTime="2012-03-29T13:00:11.6220562-07:00" testType="f3589083-259c-4054-87f7-75cdad4b08e5" outcome="Passed" testListId="8c84fa94-04c1-424b-9868-57a2d4851a1d" relativeResultsDirectory="f2dcc28b-c35a-40a7-8521-961af6140602">
    </GallioTestResult>
    <GallioTestResult executionId="5fb27ac7-6ae8-4d74-adfe-c0651f574811" testId="63313935-3833-3339-6134-326561616533" testName="shouldBeAbleToConvertTo30" computerName="DEANPRIME" duration="00:00:00.0010000" startTime="2012-03-29T13:00:11.6290566-07:00" endTime="2012-03-29T13:00:11.6310567-07:00" testType="f3589083-259c-4054-87f7-75cdad4b08e5" outcome="Passed" testListId="8c84fa94-04c1-424b-9868-57a2d4851a1d" relativeResultsDirectory="5fb27ac7-6ae8-4d74-adfe-c0651f574811">
    </GallioTestResult>
    <GallioTestResult executionId="6ae2201a-b4a9-48d3-a185-df348190c8a8" testId="63346261-3133-6364-3032-326238633434" testName="shouldBeAbleToConvertTo20" computerName="DEANPRIME" duration="00:00:00.0010000" startTime="2012-03-29T13:00:11.5990549-07:00" endTime="2012-03-29T13:00:11.6010550-07:00" testType="f3589083-259c-4054-87f7-75cdad4b08e5" outcome="Passed" testListId="8c84fa94-04c1-424b-9868-57a2d4851a1d" relativeResultsDirectory="6ae2201a-b4a9-48d3-a185-df348190c8a8">
    </GallioTestResult>
    <GallioTestResult executionId="c74ad418-98d0-4542-a5ab-1f2196fba4e0" testId="64353534-6365-6363-6461-323639323364" testName="shouldBeAbleToConvertTo7" computerName="DEANPRIME" duration="00:00:00.0020000" startTime="2012-03-29T13:00:11.6950604-07:00" endTime="2012-03-29T13:00:11.6970605-07:00" testType="f3589083-259c-4054-87f7-75cdad4b08e5" outcome="Passed" testListId="8c84fa94-04c1-424b-9868-57a2d4851a1d" relativeResultsDirectory="c74ad418-98d0-4542-a5ab-1f2196fba4e0">
    </GallioTestResult>
    <GallioTestResult executionId="50a81acd-741d-4642-8d38-3e86ba23914c" testId="66363932-3933-3362-3336-626234313436" testName="shouldBeAbleToConvertTo4" computerName="DEANPRIME" duration="00:00:00.0010000" startTime="2012-03-29T13:00:11.6380571-07:00" endTime="2012-03-29T13:00:11.6400572-07:00" testType="f3589083-259c-4054-87f7-75cdad4b08e5" outcome="Passed" testListId="8c84fa94-04c1-424b-9868-57a2d4851a1d" relativeResultsDirectory="50a81acd-741d-4642-8d38-3e86ba23914c">
    </GallioTestResult>
    <GallioTestResult executionId="0affaa8a-4407-4718-8c27-20acb43d288c" testId="66366639-3739-6437-3533-353839653964" testName="shouldBeAbleToConvertTo25" computerName="DEANPRIME" duration="00:00:00.0010000" startTime="2012-03-29T13:00:11.6110555-07:00" endTime="2012-03-29T13:00:11.6130557-07:00" testType="f3589083-259c-4054-87f7-75cdad4b08e5" outcome="Passed" testListId="8c84fa94-04c1-424b-9868-57a2d4851a1d" relativeResultsDirectory="0affaa8a-4407-4718-8c27-20acb43d288c">
    </GallioTestResult>
  </Results>
</TestRun>